[2026-09-25 23:51:33] Início do teste 'failover_broker'. Arquivo de log: logs/failover_broker_20260925_235133.log

=================== ANTES: brokers, partições (líder/réplicas/ISR), grupo de consumo e banco ===================
$ kubectl get pods -l app=kafka -o wide
NAME      READY   STATUS    RESTARTS   AGE     IP            NODE    NOMINATED NODE   READINESS GATES
kafka-0   1/1     Running   0          8m39s   10.42.0.111   distr   <none>           <none>
kafka-1   1/1     Running   0          8m37s   10.42.0.123   distr   <none>           <none>
kafka-2   1/1     Running   0          8m35s   10.42.0.124   distr   <none>           <none>
$ kubectl exec kafka-0 -- kafka-topics --bootstrap-server localhost:9092 --describe --topic dados-sensores
Topic: dados-sensores	TopicId: APGojey2Q8Cl4YwrmcGe0w	PartitionCount: 1	ReplicationFactor: 1	Configs: min.insync.replicas=1
	Topic: dados-sensores	Partition: 0	Leader: 1	Replicas: 1	Isr: 1	Elr: 	LastKnownElr: 
$ kubectl exec kafka-0 -- kafka-consumer-groups --bootstrap-server localhost:9092 --describe --group sensor-group

GROUP           TOPIC           PARTITION  CURRENT-OFFSET  LOG-END-OFFSET  LAG             CONSUMER-ID                                              HOST            CLIENT-ID
sensor-group    dados-sensores  0          56              3847            3791            kafka-python-3.0.11-d0f417d1-8f05-4375-95c4-eb832c31c009 /10.42.0.122    kafka-python-3.0.11
$ kubectl exec statefulset/postgres -- psql -U postgres -d fabrica -tA -c SELECT now() AS momento, count(*) AS total_leituras FROM leituras_sensores;
ERROR:  relation "leituras_sensores" does not exist
LINE 1: ...now() AS momento, count(*) AS total_leituras FROM leituras_s...
                                                             ^
command terminated with exit code 1
[2026-09-25 23:51:36] (comando terminou com código 1; 124 significa que estourou CMD_TIMEOUT_SEG=30s)

=================== FALHA: deletando à força o broker kafka-0 ===================
[2026-09-25 23:51:36] 💀 Alvo travado: kafka-0
[2026-09-25 23:51:36] Executando deleção forçada (simulando perda de energia ou kernel panic)...
$ kubectl delete pod kafka-0 --force --grace-period=0
Warning: Immediate deletion does not wait for confirmation that the running resource has been terminated. The resource may continue to run on the cluster indefinitely.
pod "kafka-0" force deleted from default namespace
[2026-09-25 23:51:36] Aguardando 30s para o cluster reagir...

=================== DEPOIS: consultas feitas no broker sobrevivente (evitando kafka-0) ===================
$ kubectl get pods -l app=kafka -o wide
NAME      READY   STATUS    RESTARTS   AGE     IP            NODE    NOMINATED NODE   READINESS GATES
kafka-0   1/1     Running   0          29s     10.42.0.130   distr   <none>           <none>
kafka-1   1/1     Running   0          9m10s   10.42.0.123   distr   <none>           <none>
kafka-2   1/1     Running   0          9m8s    10.42.0.124   distr   <none>           <none>
$ kubectl exec kafka-1 -- kafka-topics --bootstrap-server localhost:9092 --describe --topic dados-sensores
Topic: dados-sensores	TopicId: APGojey2Q8Cl4YwrmcGe0w	PartitionCount: 1	ReplicationFactor: 1	Configs: min.insync.replicas=1
	Topic: dados-sensores	Partition: 0	Leader: 1	Replicas: 1	Isr: 1	Elr: 	LastKnownElr: 
$ kubectl exec kafka-1 -- kafka-consumer-groups --bootstrap-server localhost:9092 --describe --group sensor-group

GROUP           TOPIC           PARTITION  CURRENT-OFFSET  LOG-END-OFFSET  LAG             CONSUMER-ID                                              HOST            CLIENT-ID
sensor-group    dados-sensores  0          56              4070            4014            kafka-python-3.0.11-d0f417d1-8f05-4375-95c4-eb832c31c009 /10.42.0.122    kafka-python-3.0.11
$ kubectl exec statefulset/postgres -- psql -U postgres -d fabrica -tA -c SELECT now() AS momento, count(*) AS total_leituras FROM leituras_sensores;
ERROR:  relation "leituras_sensores" does not exist
LINE 1: ...now() AS momento, count(*) AS total_leituras FROM leituras_s...
                                                             ^
command terminated with exit code 1
[2026-09-25 23:52:10] (comando terminou com código 1; 124 significa que estourou CMD_TIMEOUT_SEG=30s)

=================== LOGS DOS CONSUMIDORES NA JANELA DA FALHA (últimos 30s) ===================
$ kubectl logs -l app=consumer --prefix --timestamps --since=30s --tail=30 --max-log-requests=10
[pod/consumer-6b45b6bcc7-t4628/consumer] 2026-09-25T23:51:47.009675274-03:00 Leitura recebida para temperatura: 43.18 na máquina 'maquina-2'
[pod/consumer-6b45b6bcc7-t4628/consumer] 2026-09-25T23:51:48.149918937-03:00 Leitura recebida para temperatura: 53.36 na máquina 'maquina-2'
[pod/consumer-6b45b6bcc7-t4628/consumer] 2026-09-25T23:51:49.288802555-03:00 Leitura recebida para energia: 170.2 na máquina 'maquina-2'
[pod/consumer-6b45b6bcc7-t4628/consumer] 2026-09-25T23:51:50.264470849-03:00 Leitura recebida para temperatura: 46.24 na máquina 'maquina-2'
[pod/consumer-6b45b6bcc7-t4628/consumer] 2026-09-25T23:51:51.505628612-03:00 Leitura recebida para co2: 853.46 na máquina 'maquina-2'
[pod/consumer-6b45b6bcc7-t4628/consumer] 2026-09-25T23:51:51.505640194-03:00 ALERTA! Alta co2 detectada: 853.46 (Limite: 600.0) na máquina 'maquina-2' - Dados: {'maquina_id': 'maquina-2', 'co2': 853.46, 'timestamp': 1790390635.0567563}
[pod/consumer-6b45b6bcc7-t4628/consumer] 2026-09-25T23:51:52.857179832-03:00 Leitura recebida para temperatura: 62.59 na máquina 'maquina-2'
[pod/consumer-6b45b6bcc7-t4628/consumer] 2026-09-25T23:51:53.490346519-03:00 Leitura recebida para vibracao: 2.47 na máquina 'maquina-2'
[pod/consumer-6b45b6bcc7-t4628/consumer] 2026-09-25T23:51:54.093503665-03:00 Leitura recebida para temperatura: 31.47 na máquina 'maquina-2'
[pod/consumer-6b45b6bcc7-t4628/consumer] 2026-09-25T23:51:55.558951818-03:00 Leitura recebida para energia: 494.45 na máquina 'maquina-2'
[pod/consumer-6b45b6bcc7-t4628/consumer] 2026-09-25T23:51:55.558981164-03:00 ALERTA! Alta energia detectada: 494.45 (Limite: 350.0) na máquina 'maquina-2' - Dados: {'maquina_id': 'maquina-2', 'energia': 494.45, 'timestamp': 1790390635.157962}
[pod/consumer-6b45b6bcc7-t4628/consumer] 2026-09-25T23:51:56.588929836-03:00 Leitura recebida para energia: 128.99 na máquina 'maquina-2'
[pod/consumer-6b45b6bcc7-t4628/consumer] 2026-09-25T23:51:57.835942197-03:00 Leitura recebida para co2: 951.35 na máquina 'maquina-2'
[pod/consumer-6b45b6bcc7-t4628/consumer] 2026-09-25T23:51:57.835953299-03:00 ALERTA! Alta co2 detectada: 951.35 (Limite: 600.0) na máquina 'maquina-2' - Dados: {'maquina_id': 'maquina-2', 'co2': 951.35, 'timestamp': 1790390635.2266598}
[pod/consumer-6b45b6bcc7-t4628/consumer] 2026-09-25T23:51:59.205950343-03:00 Leitura recebida para temperatura: 99.73 na máquina 'maquina-2'
[pod/consumer-6b45b6bcc7-t4628/consumer] 2026-09-25T23:51:59.205980852-03:00 ALERTA! Alta temperatura detectada: 99.73 (Limite: 80.0) na máquina 'maquina-2' - Dados: {'maquina_id': 'maquina-2', 'temperatura': 99.73, 'timestamp': 1790390635.327734}
[pod/consumer-6b45b6bcc7-t4628/consumer] 2026-09-25T23:52:00.282945173-03:00 Leitura recebida para co2: 958.6 na máquina 'maquina-2'
[pod/consumer-6b45b6bcc7-t4628/consumer] 2026-09-25T23:52:00.282972896-03:00 ALERTA! Alta co2 detectada: 958.6 (Limite: 600.0) na máquina 'maquina-2' - Dados: {'maquina_id': 'maquina-2', 'co2': 958.6, 'timestamp': 1790390635.3429298}
[pod/consumer-6b45b6bcc7-t4628/consumer] 2026-09-25T23:52:01.482603653-03:00 Leitura recebida para temperatura: 53.91 na máquina 'maquina-1'
[pod/consumer-6b45b6bcc7-t4628/consumer] 2026-09-25T23:52:02.442897599-03:00 Leitura recebida para co2: 379.51 na máquina 'maquina-1'
[pod/consumer-6b45b6bcc7-t4628/consumer] 2026-09-25T23:52:03.262900929-03:00 Leitura recebida para temperatura: 68.36 na máquina 'maquina-2'
[pod/consumer-6b45b6bcc7-t4628/consumer] 2026-09-25T23:52:04.666923037-03:00 Leitura recebida para temperatura: 55.62 na máquina 'maquina-2'
[pod/consumer-6b45b6bcc7-t4628/consumer] 2026-09-25T23:52:05.393413802-03:00 Leitura recebida para vibracao: 4.84 na máquina 'maquina-2'
[pod/consumer-6b45b6bcc7-t4628/consumer] 2026-09-25T23:52:05.393445664-03:00 ALERTA! Alta vibracao detectada: 4.84 (Limite: 3.5) na máquina 'maquina-2' - Dados: {'maquina_id': 'maquina-2', 'vibracao': 4.84, 'timestamp': 1790390635.460404}
[pod/consumer-6b45b6bcc7-t4628/consumer] 2026-09-25T23:52:06.177048208-03:00 Leitura recebida para temperatura: 56.6 na máquina 'maquina-2'
[pod/consumer-6b45b6bcc7-t4628/consumer] 2026-09-25T23:52:07.330592342-03:00 Leitura recebida para vibracao: 4.64 na máquina 'maquina-2'
[pod/consumer-6b45b6bcc7-t4628/consumer] 2026-09-25T23:52:07.330616006-03:00 ALERTA! Alta vibracao detectada: 4.64 (Limite: 3.5) na máquina 'maquina-2' - Dados: {'maquina_id': 'maquina-2', 'vibracao': 4.64, 'timestamp': 1790390635.6289124}
[pod/consumer-6b45b6bcc7-t4628/consumer] 2026-09-25T23:52:08.822914995-03:00 Leitura recebida para temperatura: 43.07 na máquina 'maquina-2'
[pod/consumer-6b45b6bcc7-t4628/consumer] 2026-09-25T23:52:09.661908065-03:00 Leitura recebida para temperatura: 37.57 na máquina 'maquina-2'
[pod/consumer-6b45b6bcc7-t4628/consumer] 2026-09-25T23:52:10.224061101-03:00 Leitura recebida para temperatura: 77.82 na máquina 'maquina-2'
[2026-09-25 23:52:10] ✅ Falha injetada e evidências salvas em: logs/failover_broker_20260925_235133.log
