[2026-09-26 00:46:03] Início do teste 'failover_broker'. Arquivo de log: logs/failover_broker_20260926_004603.log

=================== ANTES: brokers, partições (líder/réplicas/ISR), grupo de consumo e banco ===================
$ kubectl get pods -l app=kafka -o wide
NAME      READY   STATUS    RESTARTS   AGE   IP            NODE    NOMINATED NODE   READINESS GATES
kafka-0   1/1     Running   0          23m   10.42.0.150   distr   <none>           <none>
kafka-1   1/1     Running   0          23m   10.42.0.162   distr   <none>           <none>
kafka-2   1/1     Running   0          23m   10.42.0.163   distr   <none>           <none>
$ kubectl exec kafka-0 -- kafka-topics --bootstrap-server localhost:9092 --describe --topic dados-sensores
Topic: dados-sensores	TopicId: d6HacMBcQIenN3H1aqoZng	PartitionCount: 1	ReplicationFactor: 1	Configs: min.insync.replicas=1
	Topic: dados-sensores	Partition: 0	Leader: 1	Replicas: 1	Isr: 1	Elr: 	LastKnownElr: 
$ kubectl exec kafka-0 -- kafka-consumer-groups --bootstrap-server localhost:9092 --describe --group sensor-group

Warning: Consumer group 'sensor-group' is rebalancing.

GROUP           TOPIC           PARTITION  CURRENT-OFFSET  LOG-END-OFFSET  LAG             CONSUMER-ID                                              HOST            CLIENT-ID
sensor-group    dados-sensores  0          1329            2399            1070            kafka-python-3.0.11-12ae7be1-3043-4b43-8c3e-543d4f5a3595 /10.42.0.160    kafka-python-3.0.11
$ kubectl exec statefulset/postgres -- psql -U postgres -d fabrica -tA -c SELECT now() AS momento, count(*) AS total_leituras FROM leituras_sensores;
2026-09-26 03:46:07.072421+00|1970

=================== FALHA: deletando à força o broker kafka-0 ===================
[2026-09-26 00:46:07] 💀 Alvo travado: kafka-0
[2026-09-26 00:46:07] Executando deleção forçada (simulando perda de energia ou kernel panic)...
$ kubectl delete pod kafka-0 --force --grace-period=0
Warning: Immediate deletion does not wait for confirmation that the running resource has been terminated. The resource may continue to run on the cluster indefinitely.
pod "kafka-0" force deleted from default namespace
[2026-09-26 00:46:07] Aguardando 30s para o cluster reagir...

=================== DEPOIS: consultas feitas no broker sobrevivente (evitando kafka-0) ===================
$ kubectl get pods -l app=kafka -o wide
NAME      READY   STATUS    RESTARTS   AGE   IP            NODE    NOMINATED NODE   READINESS GATES
kafka-0   1/1     Running   0          30s   10.42.0.173   distr   <none>           <none>
kafka-1   1/1     Running   0          23m   10.42.0.162   distr   <none>           <none>
kafka-2   1/1     Running   0          23m   10.42.0.163   distr   <none>           <none>
$ kubectl exec kafka-1 -- kafka-topics --bootstrap-server localhost:9092 --describe --topic dados-sensores
Topic: dados-sensores	TopicId: d6HacMBcQIenN3H1aqoZng	PartitionCount: 1	ReplicationFactor: 1	Configs: min.insync.replicas=1
	Topic: dados-sensores	Partition: 0	Leader: 1	Replicas: 1	Isr: 1	Elr: 	LastKnownElr: 
$ kubectl exec kafka-1 -- kafka-consumer-groups --bootstrap-server localhost:9092 --describe --group sensor-group

Warning: Consumer group 'sensor-group' is rebalancing.

GROUP           TOPIC           PARTITION  CURRENT-OFFSET  LOG-END-OFFSET  LAG             CONSUMER-ID                                              HOST            CLIENT-ID
sensor-group    dados-sensores  0          1365            2467            1102            kafka-python-3.0.11-12ae7be1-3043-4b43-8c3e-543d4f5a3595 /10.42.0.160    kafka-python-3.0.11
$ kubectl exec statefulset/postgres -- psql -U postgres -d fabrica -tA -c SELECT now() AS momento, count(*) AS total_leituras FROM leituras_sensores;
2026-09-26 03:46:40.481763+00|2006

=================== LOGS DOS CONSUMIDORES NA JANELA DA FALHA (últimos 30s) ===================
$ kubectl logs -l app=consumer --prefix --timestamps --since=30s --tail=30 --max-log-requests=10
[pod/consumer-6b45b6bcc7-8gh9q/consumer] 2026-09-26T00:46:22.245669820-03:00 Leitura recebida para temperatura: 63.5 na máquina 'maquina-2'
[pod/consumer-6b45b6bcc7-8gh9q/consumer] 2026-09-26T00:46:23.176606318-03:00 Leitura recebida para vibracao: 0.87 na máquina 'maquina-1'
[pod/consumer-6b45b6bcc7-8gh9q/consumer] 2026-09-26T00:46:24.502921627-03:00 Leitura recebida para temperatura: 59.81 na máquina 'maquina-1'
[pod/consumer-6b45b6bcc7-8gh9q/consumer] 2026-09-26T00:46:24.720341534-03:00 INFO:kafka.coordinator.heartbeat:Group sensor-group is rebalancing; rejoining.
[pod/consumer-6b45b6bcc7-8gh9q/consumer] 2026-09-26T00:46:25.927202757-03:00 Leitura recebida para temperatura: 90.75 na máquina 'maquina-2'
[pod/consumer-6b45b6bcc7-8gh9q/consumer] 2026-09-26T00:46:25.963539380-03:00 ALERTA! Alta temperatura detectada: 90.75 (Limite: 80.0) na máquina 'maquina-2' - Dados: {'maquina_id': 'maquina-2', 'temperatura': 90.75, 'timestamp': 1790393817.8898194}
[pod/consumer-6b45b6bcc7-8gh9q/consumer] 2026-09-26T00:46:26.909272344-03:00 Leitura recebida para energia: 347.23 na máquina 'maquina-2'
[pod/consumer-6b45b6bcc7-8gh9q/consumer] 2026-09-26T00:46:27.534745836-03:00 Leitura recebida para temperatura: 68.04 na máquina 'maquina-2'
[pod/consumer-6b45b6bcc7-8gh9q/consumer] 2026-09-26T00:46:27.720846380-03:00 INFO:kafka.coordinator.heartbeat:Group sensor-group is rebalancing; rejoining.
[pod/consumer-6b45b6bcc7-8gh9q/consumer] 2026-09-26T00:46:28.688796443-03:00 Leitura recebida para vibracao: 1.09 na máquina 'maquina-2'
[pod/consumer-6b45b6bcc7-8gh9q/consumer] 2026-09-26T00:46:29.642937677-03:00 Leitura recebida para temperatura: 80.76 na máquina 'maquina-2'
[pod/consumer-6b45b6bcc7-8gh9q/consumer] 2026-09-26T00:46:29.643829963-03:00 ALERTA! Alta temperatura detectada: 80.76 (Limite: 80.0) na máquina 'maquina-2' - Dados: {'maquina_id': 'maquina-2', 'temperatura': 80.76, 'timestamp': 1790393820.490542}
[pod/consumer-6b45b6bcc7-8gh9q/consumer] 2026-09-26T00:46:30.338935658-03:00 Leitura recebida para temperatura: 22.09 na máquina 'maquina-2'
[pod/consumer-6b45b6bcc7-8gh9q/consumer] 2026-09-26T00:46:30.721342490-03:00 INFO:kafka.coordinator.heartbeat:Group sensor-group is rebalancing; rejoining.
[pod/consumer-6b45b6bcc7-8gh9q/consumer] 2026-09-26T00:46:31.098905223-03:00 Leitura recebida para temperatura: 66.14 na máquina 'maquina-2'
[pod/consumer-6b45b6bcc7-8gh9q/consumer] 2026-09-26T00:46:31.842996484-03:00 Leitura recebida para energia: 197.75 na máquina 'maquina-2'
[pod/consumer-6b45b6bcc7-8gh9q/consumer] 2026-09-26T00:46:32.573286680-03:00 Leitura recebida para co2: 329.74 na máquina 'maquina-2'
[pod/consumer-6b45b6bcc7-8gh9q/consumer] 2026-09-26T00:46:33.723897984-03:00 INFO:kafka.coordinator.heartbeat:Group sensor-group is rebalancing; rejoining.
[pod/consumer-6b45b6bcc7-8gh9q/consumer] 2026-09-26T00:46:33.976606081-03:00 Leitura recebida para temperatura: 53.32 na máquina 'maquina-2'
[pod/consumer-6b45b6bcc7-8gh9q/consumer] 2026-09-26T00:46:34.582979030-03:00 Leitura recebida para co2: 599.04 na máquina 'maquina-1'
[pod/consumer-6b45b6bcc7-8gh9q/consumer] 2026-09-26T00:46:35.113750148-03:00 Leitura recebida para vibracao: 2.62 na máquina 'maquina-4'
[pod/consumer-6b45b6bcc7-8gh9q/consumer] 2026-09-26T00:46:36.570695273-03:00 Leitura recebida para vibracao: 0.51 na máquina 'maquina-5'
[pod/consumer-6b45b6bcc7-8gh9q/consumer] 2026-09-26T00:46:36.724538280-03:00 INFO:kafka.coordinator.heartbeat:Group sensor-group is rebalancing; rejoining.
[pod/consumer-6b45b6bcc7-8gh9q/consumer] 2026-09-26T00:46:37.286183391-03:00 Leitura recebida para temperatura: 43.98 na máquina 'maquina-4'
[pod/consumer-6b45b6bcc7-8gh9q/consumer] 2026-09-26T00:46:38.160576629-03:00 Leitura recebida para temperatura: 56.52 na máquina 'maquina-5'
[pod/consumer-6b45b6bcc7-8gh9q/consumer] 2026-09-26T00:46:38.748616162-03:00 Leitura recebida para temperatura: 84.85 na máquina 'maquina-2'
[pod/consumer-6b45b6bcc7-8gh9q/consumer] 2026-09-26T00:46:38.749781289-03:00 ALERTA! Alta temperatura detectada: 84.85 (Limite: 80.0) na máquina 'maquina-2' - Dados: {'maquina_id': 'maquina-2', 'temperatura': 84.85, 'timestamp': 1790393825.6989315}
[pod/consumer-6b45b6bcc7-8gh9q/consumer] 2026-09-26T00:46:39.493449361-03:00 Leitura recebida para temperatura: 44.52 na máquina 'maquina-2'
[pod/consumer-6b45b6bcc7-8gh9q/consumer] 2026-09-26T00:46:39.725544013-03:00 INFO:kafka.coordinator.heartbeat:Group sensor-group is rebalancing; rejoining.
[pod/consumer-6b45b6bcc7-8gh9q/consumer] 2026-09-26T00:46:40.223684932-03:00 Leitura recebida para temperatura: 52.47 na máquina 'maquina-1'
[2026-09-26 00:46:40] ✅ Falha injetada e evidências salvas em: logs/failover_broker_20260926_004603.log
