[2026-09-26 01:54:03] Início do teste 'failover_broker'. Arquivo de log: logs/failover_broker_20260926_015403.log

=================== ANTES: brokers, partições (líder/réplicas/ISR), grupo de consumo e banco ===================
$ kubectl get pods -l app=kafka -o wide
NAME      READY   STATUS    RESTARTS   AGE     IP            NODE    NOMINATED NODE   READINESS GATES
kafka-0   1/1     Running   0          3m53s   10.42.0.225   distr   <none>           <none>
kafka-1   1/1     Running   0          3m52s   10.42.0.235   distr   <none>           <none>
kafka-2   1/1     Running   0          3m50s   10.42.0.241   distr   <none>           <none>
$ kubectl exec kafka-0 -- kafka-topics --bootstrap-server localhost:9092 --describe --topic dados-sensores
Topic: dados-sensores	TopicId: GKSqy9_dT6CpUR4jyPGQUg	PartitionCount: 1	ReplicationFactor: 1	Configs: min.insync.replicas=1
	Topic: dados-sensores	Partition: 0	Leader: 2	Replicas: 2	Isr: 2	Elr: 	LastKnownElr: 
$ kubectl exec kafka-0 -- kafka-consumer-groups --bootstrap-server localhost:9092 --describe --group sensor-group

Warning: Consumer group 'sensor-group' is rebalancing.

GROUP           TOPIC           PARTITION  CURRENT-OFFSET  LOG-END-OFFSET  LAG             CONSUMER-ID                                              HOST            CLIENT-ID
sensor-group    dados-sensores  0          576             994             418             kafka-python-3.0.11-1117f047-4c92-4f69-b3b8-bf2eda55c2dc /10.42.0.252    kafka-python-3.0.11
$ kubectl exec statefulset/postgres -- psql -U postgres -d fabrica -tA -c SELECT now() AS momento, count(*) AS total_leituras FROM leituras_sensores;
2026-09-26 04:54:07.425022+00|577

=================== FALHA: deletando à força o broker kafka-0 ===================
[2026-09-26 01:54:07] 💀 Alvo travado: kafka-0
[2026-09-26 01:54:07] Executando deleção forçada (simulando perda de energia ou kernel panic)...
$ kubectl delete pod kafka-0 --force --grace-period=0
Warning: Immediate deletion does not wait for confirmation that the running resource has been terminated. The resource may continue to run on the cluster indefinitely.
pod "kafka-0" force deleted from default namespace
[2026-09-26 01:54:07] Aguardando 30s para o cluster reagir...

=================== DEPOIS: consultas feitas no broker sobrevivente (evitando kafka-0) ===================
$ kubectl get pods -l app=kafka -o wide
NAME      READY   STATUS    RESTARTS   AGE     IP            NODE    NOMINATED NODE   READINESS GATES
kafka-0   1/1     Running   0          30s     10.42.0.14    distr   <none>           <none>
kafka-1   1/1     Running   0          4m25s   10.42.0.235   distr   <none>           <none>
kafka-2   1/1     Running   0          4m23s   10.42.0.241   distr   <none>           <none>
$ kubectl exec kafka-1 -- kafka-topics --bootstrap-server localhost:9092 --describe --topic dados-sensores
Topic: dados-sensores	TopicId: GKSqy9_dT6CpUR4jyPGQUg	PartitionCount: 1	ReplicationFactor: 1	Configs: min.insync.replicas=1
	Topic: dados-sensores	Partition: 0	Leader: 2	Replicas: 2	Isr: 2	Elr: 	LastKnownElr: 
$ kubectl exec kafka-1 -- kafka-consumer-groups --bootstrap-server localhost:9092 --describe --group sensor-group

GROUP           TOPIC           PARTITION  CURRENT-OFFSET  LOG-END-OFFSET  LAG         
Warning: Consumer group 'sensor-group' is rebalancing.
    CONSUMER-ID                                              HOST            CLIENT-ID
sensor-group    dados-sensores  0          665             1057            392             kafka-python-3.0.11-1117f047-4c92-4f69-b3b8-bf2eda55c2dc /10.42.0.252    kafka-python-3.0.11
$ kubectl exec statefulset/postgres -- psql -U postgres -d fabrica -tA -c SELECT now() AS momento, count(*) AS total_leituras FROM leituras_sensores;
2026-09-26 04:54:41.216935+00|667

=================== LOGS DOS CONSUMIDORES NA JANELA DA FALHA (últimos 30s) ===================
$ kubectl logs -l app=consumer --prefix --timestamps --since=30s --tail=30 --max-log-requests=10
[pod/consumer-6b45b6bcc7-7bwkt/consumer] 2026-09-26T01:54:33.159565731-03:00 Leitura recebida para temperatura: 91.0 na máquina 'maquina-1'
[pod/consumer-6b45b6bcc7-7bwkt/consumer] 2026-09-26T01:54:33.160461763-03:00 ALERTA! Alta temperatura detectada: 91.0 (Limite: 80.0) na máquina 'maquina-1' - Dados: {'maquina_id': 'maquina-1', 'temperatura': 91.0, 'timestamp': 1790398351.1232464}
[pod/consumer-6b45b6bcc7-7bwkt/consumer] 2026-09-26T01:54:33.507039754-03:00 INFO:kafka.coordinator.heartbeat:Group sensor-group is rebalancing; rejoining.
[pod/consumer-6b45b6bcc7-7bwkt/consumer] 2026-09-26T01:54:33.655083939-03:00 Leitura recebida para vibracao: 3.12 na máquina 'maquina-2'
[pod/consumer-6b45b6bcc7-7bwkt/consumer] 2026-09-26T01:54:33.914738970-03:00 Leitura recebida para temperatura: 51.41 na máquina 'maquina-2'
[pod/consumer-6b45b6bcc7-7bwkt/consumer] 2026-09-26T01:54:34.414037792-03:00 Leitura recebida para temperatura: 97.63 na máquina 'maquina-2'
[pod/consumer-6b45b6bcc7-7bwkt/consumer] 2026-09-26T01:54:34.414750604-03:00 ALERTA! Alta temperatura detectada: 97.63 (Limite: 80.0) na máquina 'maquina-2' - Dados: {'maquina_id': 'maquina-2', 'temperatura': 97.63, 'timestamp': 1790398351.8304083}
[pod/consumer-6b45b6bcc7-7bwkt/consumer] 2026-09-26T01:54:34.726421381-03:00 Leitura recebida para vibracao: 1.98 na máquina 'maquina-2'
[pod/consumer-6b45b6bcc7-7bwkt/consumer] 2026-09-26T01:54:35.017738574-03:00 Leitura recebida para energia: 181.05 na máquina 'maquina-2'
[pod/consumer-6b45b6bcc7-7bwkt/consumer] 2026-09-26T01:54:35.406834623-03:00 Leitura recebida para energia: 172.66 na máquina 'maquina-2'
[pod/consumer-6b45b6bcc7-7bwkt/consumer] 2026-09-26T01:54:35.713070343-03:00 Leitura recebida para temperatura: 96.44 na máquina 'maquina-2'
[pod/consumer-6b45b6bcc7-7bwkt/consumer] 2026-09-26T01:54:35.713780931-03:00 ALERTA! Alta temperatura detectada: 96.44 (Limite: 80.0) na máquina 'maquina-2' - Dados: {'maquina_id': 'maquina-2', 'temperatura': 96.44, 'timestamp': 1790398352.0365114}
[pod/consumer-6b45b6bcc7-7bwkt/consumer] 2026-09-26T01:54:36.163613078-03:00 Leitura recebida para temperatura: 71.93 na máquina 'maquina-2'
[pod/consumer-6b45b6bcc7-7bwkt/consumer] 2026-09-26T01:54:36.438598203-03:00 Leitura recebida para temperatura: 30.22 na máquina 'maquina-2'
[pod/consumer-6b45b6bcc7-7bwkt/consumer] 2026-09-26T01:54:36.507357674-03:00 INFO:kafka.coordinator.heartbeat:Group sensor-group is rebalancing; rejoining.
[pod/consumer-6b45b6bcc7-7bwkt/consumer] 2026-09-26T01:54:36.941403906-03:00 Leitura recebida para temperatura: 45.32 na máquina 'maquina-2'
[pod/consumer-6b45b6bcc7-7bwkt/consumer] 2026-09-26T01:54:37.446812453-03:00 Leitura recebida para temperatura: 47.33 na máquina 'maquina-2'
[pod/consumer-6b45b6bcc7-7bwkt/consumer] 2026-09-26T01:54:37.693458736-03:00 Leitura recebida para energia: 169.98 na máquina 'maquina-2'
[pod/consumer-6b45b6bcc7-7bwkt/consumer] 2026-09-26T01:54:38.194732382-03:00 Leitura recebida para temperatura: 48.42 na máquina 'maquina-2'
[pod/consumer-6b45b6bcc7-7bwkt/consumer] 2026-09-26T01:54:38.695862294-03:00 Leitura recebida para temperatura: 58.94 na máquina 'maquina-2'
[pod/consumer-6b45b6bcc7-7bwkt/consumer] 2026-09-26T01:54:38.964475141-03:00 Leitura recebida para temperatura: 89.35 na máquina 'maquina-2'
[pod/consumer-6b45b6bcc7-7bwkt/consumer] 2026-09-26T01:54:39.001001559-03:00 ALERTA! Alta temperatura detectada: 89.35 (Limite: 80.0) na máquina 'maquina-2' - Dados: {'maquina_id': 'maquina-2', 'temperatura': 89.35, 'timestamp': 1790398353.4587057}
[pod/consumer-6b45b6bcc7-7bwkt/consumer] 2026-09-26T01:54:39.464509079-03:00 Leitura recebida para temperatura: 44.13 na máquina 'maquina-2'
[pod/consumer-6b45b6bcc7-7bwkt/consumer] 2026-09-26T01:54:39.507913399-03:00 INFO:kafka.coordinator.heartbeat:Group sensor-group is rebalancing; rejoining.
[pod/consumer-6b45b6bcc7-7bwkt/consumer] 2026-09-26T01:54:39.756492675-03:00 Leitura recebida para temperatura: 50.11 na máquina 'maquina-2'
[pod/consumer-6b45b6bcc7-7bwkt/consumer] 2026-09-26T01:54:40.229494457-03:00 Leitura recebida para temperatura: 89.17 na máquina 'maquina-2'
[pod/consumer-6b45b6bcc7-7bwkt/consumer] 2026-09-26T01:54:40.266189608-03:00 ALERTA! Alta temperatura detectada: 89.17 (Limite: 80.0) na máquina 'maquina-2' - Dados: {'maquina_id': 'maquina-2', 'temperatura': 89.17, 'timestamp': 1790398353.9111273}
[pod/consumer-6b45b6bcc7-7bwkt/consumer] 2026-09-26T01:54:40.697378890-03:00 Leitura recebida para vibracao: 4.83 na máquina 'maquina-2'
[pod/consumer-6b45b6bcc7-7bwkt/consumer] 2026-09-26T01:54:40.766099267-03:00 ALERTA! Alta vibracao detectada: 4.83 (Limite: 3.5) na máquina 'maquina-2' - Dados: {'maquina_id': 'maquina-2', 'vibracao': 4.83, 'timestamp': 1790398354.4129872}
[pod/consumer-6b45b6bcc7-7bwkt/consumer] 2026-09-26T01:54:41.158058416-03:00 Leitura recebida para vibracao: 0.84 na máquina 'maquina-2'
[2026-09-26 01:54:41] ✅ Falha injetada e evidências salvas em: logs/failover_broker_20260926_015403.log
